../Core/Src/syscalls.c:75:6:initialise_monitor_handles	4	static
../Core/Src/syscalls.c:79:5:_getpid	4	static
../Core/Src/syscalls.c:84:5:_kill	16	static
../Core/Src/syscalls.c:90:6:_exit	16	static
../Core/Src/syscalls.c:96:27:_read	32	static
../Core/Src/syscalls.c:108:27:_write	32	static
../Core/Src/syscalls.c:119:9:_sbrk	24	static,ignoring_inline_asm
../Core/Src/syscalls.c:140:5:_close	16	static
../Core/Src/syscalls.c:146:5:_fstat	16	static
../Core/Src/syscalls.c:152:5:_isatty	16	static
../Core/Src/syscalls.c:157:5:_lseek	24	static
../Core/Src/syscalls.c:162:5:_open	12	static
../Core/Src/syscalls.c:168:5:_wait	16	static
../Core/Src/syscalls.c:174:5:_unlink	16	static
../Core/Src/syscalls.c:180:5:_times	16	static
../Core/Src/syscalls.c:185:5:_stat	16	static
../Core/Src/syscalls.c:191:5:_link	16	static
../Core/Src/syscalls.c:197:5:_fork	8	static
../Core/Src/syscalls.c:203:5:_execve	24	static
