Archive member included to satisfy reference by file (symbol)

C:/Users/Lucas/STM32CubeIDE_1.13.2/STM32CubeIDE/plugins/com.st.stm32cube.ide.mcu.externaltools.gnu-tools-for-stm32.11.3.rel1.win32_1.1.1.202309131626/tools/bin/../lib/gcc/arm-none-eabi/11.3.1/../../../../arm-none-eabi/lib/thumb/v7e-m+dp/hard\libc_nano.a(libc_a-exit.o)
                              C:/Users/Lucas/STM32CubeIDE_1.13.2/STM32CubeIDE/plugins/com.st.stm32cube.ide.mcu.externaltools.gnu-tools-for-stm32.11.3.rel1.win32_1.1.1.202309131626/tools/bin/../lib/gcc/arm-none-eabi/11.3.1/../../../../arm-none-eabi/lib/thumb/v7e-m+dp/hard/crt0.o (exit)
C:/Users/Lucas/STM32CubeIDE_1.13.2/STM32CubeIDE/plugins/com.st.stm32cube.ide.mcu.externaltools.gnu-tools-for-stm32.11.3.rel1.win32_1.1.1.202309131626/tools/bin/../lib/gcc/arm-none-eabi/11.3.1/../../../../arm-none-eabi/lib/thumb/v7e-m+dp/hard\libc_nano.a(libc_a-findfp.o)
                              C:/Users/Lucas/STM32CubeIDE_1.13.2/STM32CubeIDE/plugins/com.st.stm32cube.ide.mcu.externaltools.gnu-tools-for-stm32.11.3.rel1.win32_1.1.1.202309131626/tools/bin/../lib/gcc/arm-none-eabi/11.3.1/../../../../arm-none-eabi/lib/thumb/v7e-m+dp/hard\libc_nano.a(libc_a-exit.o) (__stdio_exit_handler)
C:/Users/Lucas/STM32CubeIDE_1.13.2/STM32CubeIDE/plugins/com.st.stm32cube.ide.mcu.externaltools.gnu-tools-for-stm32.11.3.rel1.win32_1.1.1.202309131626/tools/bin/../lib/gcc/arm-none-eabi/11.3.1/../../../../arm-none-eabi/lib/thumb/v7e-m+dp/hard\libc_nano.a(libc_a-fwalk.o)
                              C:/Users/Lucas/STM32CubeIDE_1.13.2/STM32CubeIDE/plugins/com.st.stm32cube.ide.mcu.externaltools.gnu-tools-for-stm32.11.3.rel1.win32_1.1.1.202309131626/tools/bin/../lib/gcc/arm-none-eabi/11.3.1/../../../../arm-none-eabi/lib/thumb/v7e-m+dp/hard\libc_nano.a(libc_a-findfp.o) (_fwalk_sglue)
C:/Users/Lucas/STM32CubeIDE_1.13.2/STM32CubeIDE/plugins/com.st.stm32cube.ide.mcu.externaltools.gnu-tools-for-stm32.11.3.rel1.win32_1.1.1.202309131626/tools/bin/../lib/gcc/arm-none-eabi/11.3.1/../../../../arm-none-eabi/lib/thumb/v7e-m+dp/hard\libc_nano.a(libc_a-stdio.o)
                              C:/Users/Lucas/STM32CubeIDE_1.13.2/STM32CubeIDE/plugins/com.st.stm32cube.ide.mcu.externaltools.gnu-tools-for-stm32.11.3.rel1.win32_1.1.1.202309131626/tools/bin/../lib/gcc/arm-none-eabi/11.3.1/../../../../arm-none-eabi/lib/thumb/v7e-m+dp/hard\libc_nano.a(libc_a-findfp.o) (__sread)
C:/Users/Lucas/STM32CubeIDE_1.13.2/STM32CubeIDE/plugins/com.st.stm32cube.ide.mcu.externaltools.gnu-tools-for-stm32.11.3.rel1.win32_1.1.1.202309131626/tools/bin/../lib/gcc/arm-none-eabi/11.3.1/../../../../arm-none-eabi/lib/thumb/v7e-m+dp/hard\libc_nano.a(libc_a-memset.o)
                              C:/Users/Lucas/STM32CubeIDE_1.13.2/STM32CubeIDE/plugins/com.st.stm32cube.ide.mcu.externaltools.gnu-tools-for-stm32.11.3.rel1.win32_1.1.1.202309131626/tools/bin/../lib/gcc/arm-none-eabi/11.3.1/../../../../arm-none-eabi/lib/thumb/v7e-m+dp/hard/crt0.o (memset)
C:/Users/Lucas/STM32CubeIDE_1.13.2/STM32CubeIDE/plugins/com.st.stm32cube.ide.mcu.externaltools.gnu-tools-for-stm32.11.3.rel1.win32_1.1.1.202309131626/tools/bin/../lib/gcc/arm-none-eabi/11.3.1/../../../../arm-none-eabi/lib/thumb/v7e-m+dp/hard\libc_nano.a(libc_a-closer.o)
                              C:/Users/Lucas/STM32CubeIDE_1.13.2/STM32CubeIDE/plugins/com.st.stm32cube.ide.mcu.externaltools.gnu-tools-for-stm32.11.3.rel1.win32_1.1.1.202309131626/tools/bin/../lib/gcc/arm-none-eabi/11.3.1/../../../../arm-none-eabi/lib/thumb/v7e-m+dp/hard\libc_nano.a(libc_a-stdio.o) (_close_r)
C:/Users/Lucas/STM32CubeIDE_1.13.2/STM32CubeIDE/plugins/com.st.stm32cube.ide.mcu.externaltools.gnu-tools-for-stm32.11.3.rel1.win32_1.1.1.202309131626/tools/bin/../lib/gcc/arm-none-eabi/11.3.1/../../../../arm-none-eabi/lib/thumb/v7e-m+dp/hard\libc_nano.a(libc_a-reent.o)
                              C:/Users/Lucas/STM32CubeIDE_1.13.2/STM32CubeIDE/plugins/com.st.stm32cube.ide.mcu.externaltools.gnu-tools-for-stm32.11.3.rel1.win32_1.1.1.202309131626/tools/bin/../lib/gcc/arm-none-eabi/11.3.1/../../../../arm-none-eabi/lib/thumb/v7e-m+dp/hard\libc_nano.a(libc_a-closer.o) (errno)
C:/Users/Lucas/STM32CubeIDE_1.13.2/STM32CubeIDE/plugins/com.st.stm32cube.ide.mcu.externaltools.gnu-tools-for-stm32.11.3.rel1.win32_1.1.1.202309131626/tools/bin/../lib/gcc/arm-none-eabi/11.3.1/../../../../arm-none-eabi/lib/thumb/v7e-m+dp/hard\libc_nano.a(libc_a-impure.o)
                              C:/Users/Lucas/STM32CubeIDE_1.13.2/STM32CubeIDE/plugins/com.st.stm32cube.ide.mcu.externaltools.gnu-tools-for-stm32.11.3.rel1.win32_1.1.1.202309131626/tools/bin/../lib/gcc/arm-none-eabi/11.3.1/../../../../arm-none-eabi/lib/thumb/v7e-m+dp/hard\libc_nano.a(libc_a-reent.o) (_impure_ptr)
C:/Users/Lucas/STM32CubeIDE_1.13.2/STM32CubeIDE/plugins/com.st.stm32cube.ide.mcu.externaltools.gnu-tools-for-stm32.11.3.rel1.win32_1.1.1.202309131626/tools/bin/../lib/gcc/arm-none-eabi/11.3.1/../../../../arm-none-eabi/lib/thumb/v7e-m+dp/hard\libc_nano.a(libc_a-lseekr.o)
[...]
Memory Configuration

Name             Origin             Length             Attributes
ITCMRAM          0x0000000000000000 0x0000000000010000 xrw
FLASH            0x0000000008000000 0x0000000000200000 xr
DTCMRAM1         0x0000000020000000 0x0000000000010000 xrw
DTCMRAM2         0x0000000020010000 0x0000000000010000 xrw
RAM              0x0000000024000000 0x0000000000100000 xrw
RAM_CD           0x0000000030000000 0x0000000000020000 xrw
RAM_SRD          0x0000000038000000 0x0000000000008000 xrw
*default*        0x0000000000000000 0xffffffffffffffff

Linker script and memory map

LOAD C:/Users/Lucas/STM32CubeIDE_1.13.2/STM32CubeIDE/plugins/com.st.stm32cube.ide.mcu.externaltools.gnu-tools-for-stm32.11.3.rel1.win32_1.1.1.202309131626/tools/bin/../lib/gcc/arm-none-eabi/11.3.1/thumb/v7e-m+dp/hard/crti.o
LOAD C:/Users/Lucas/STM32CubeIDE_1.13.2/STM32CubeIDE/plugins/com.st.stm32cube.ide.mcu.externaltools.gnu-tools-for-stm32.11.3.rel1.win32_1.1.1.202309131626/tools/bin/../lib/gcc/arm-none-eabi/11.3.1/thumb/v7e-m+dp/hard/crtbegin.o
LOAD C:/Users/Lucas/STM32CubeIDE_1.13.2/STM32CubeIDE/plugins/com.st.stm32cube.ide.mcu.externaltools.gnu-tools-for-stm32.11.3.rel1.win32_1.1.1.202309131626/tools/bin/../lib/gcc/arm-none-eabi/11.3.1/../../../../arm-none-eabi/lib/thumb/v7e-m+dp/hard/crt0.o
LOAD ./Core/Src/crc.o
LOAD ./Core/Src/main.o
LOAD ./Core/Src/send_dynamixel.o
LOAD ./Core/Src/stm32h7xx_hal_msp.o
LOAD ./Core/Src/stm32h7xx_it.o
LOAD ./Core/Src/syscalls.o
LOAD ./Core/Src/sysmem.o
LOAD ./Core/Src/system_stm32h7xx.o
LOAD ./Core/Startup/startup_stm32h7a3zitxq.o
LOAD ./Drivers/STM32H7xx_HAL_Driver/Src/stm32h7xx_hal.o
LOAD ./Drivers/STM32H7xx_HAL_Driver/Src/stm32h7xx_hal_cortex.o
LOAD ./Drivers/STM32H7xx_HAL_Driver/Src/stm32h7xx_hal_dma.o
LOAD ./Drivers/STM32H7xx_HAL_Driver/Src/stm32h7xx_hal_dma_ex.o
LOAD ./Drivers/STM32H7xx_HAL_Driver/Src/stm32h7xx_hal_exti.o
LOAD ./Drivers/STM32H7xx_HAL_Driver/Src/stm32h7xx_hal_flash.o
LOAD ./Drivers/STM32H7xx_HAL_Driver/Src/stm32h7xx_hal_flash_ex.o
LOAD ./Drivers/STM32H7xx_HAL_Driver/Src/stm32h7xx_hal_gpio.o
LOAD ./Drivers/STM32H7xx_HAL_Driver/Src/stm32h7xx_hal_hsem.o
LOAD ./Drivers/STM32H7xx_HAL_Driver/Src/stm32h7xx_hal_i2c.o
LOAD ./Drivers/STM32H7xx_HAL_Driver/Src/stm32h7xx_hal_i2c_ex.o
LOAD ./Drivers/STM32H7xx_HAL_Driver/Src/stm32h7xx_hal_mdma.o
LOAD ./Drivers/STM32H7xx_HAL_Driver/Src/stm32h7xx_hal_pwr.o
LOAD ./Drivers/STM32H7xx_HAL_Driver/Src/stm32h7xx_hal_pwr_ex.o
LOAD ./Drivers/STM32H7xx_HAL_Driver/Src/stm32h7xx_hal_rcc.o
LOAD ./Drivers/STM32H7xx_HAL_Driver/Src/stm32h7xx_hal_rcc_ex.o
LOAD ./Drivers/STM32H7xx_HAL_Driver/Src/stm32h7xx_hal_tim.o
LOAD ./Drivers/STM32H7xx_HAL_Driver/Src/stm32h7xx_hal_tim_ex.o
LOAD ./Drivers/STM32H7xx_HAL_Driver/Src/stm32h7xx_hal_uart.o
LOAD ./Drivers/STM32H7xx_HAL_Driver/Src/stm32h7xx_hal_uart_ex.o
START GROUP
LOAD C:/Users/Lucas/STM32CubeIDE_1.13.2/STM32CubeIDE/plugins/com.st.stm32cube.ide.mcu.externaltools.gnu-tools-for-stm32.11.3.rel1.win32_1.1.1.202309131626/tools/bin/../lib/gcc/arm-none-eabi/11.3.1/../../../../arm-none-eabi/lib/thumb/v7e-m+dp/hard\libc_nano.a
LOAD C:/Users/Lucas/STM32CubeIDE_1.13.2/STM32CubeIDE/plugins/com.st.stm32cube.ide.mcu.externaltools.gnu-tools-for-stm32.11.3.rel1.win32_1.1.1.202309131626/tools/bin/../lib/gcc/arm-none-eabi/11.3.1/../../../../arm-none-eabi/lib/thumb/v7e-m+dp/hard\libm.a
END GROUP
START GROUP
LOAD C:/Users/Lucas/STM32CubeIDE_1.13.2/STM32CubeIDE/plugins/com.st.stm32cube.ide.mcu.externaltools.gnu-tools-for-stm32.11.3.rel1.win32_1.1.1.202309131626/tools/bin/../lib/gcc/arm-none-eabi/11.3.1/thumb/v7e-m+dp/hard\libgcc.a
LOAD C:/Users/Lucas/STM32CubeIDE_1.13.2/STM32CubeIDE/plugins/com.st.stm32cube.ide.mcu.externaltools.gnu-tools-for-stm32.11.3.rel1.win32_1.1.1.202309131626/tools/bin/../lib/gcc/arm-none-eabi/11.3.1/../../../../arm-none-eabi/lib/thumb/v7e-m+dp/hard\libc_nano.a
END GROUP
START GROUP
LOAD C:/Users/Lucas/STM32CubeIDE_1.13.2/STM32CubeIDE/plugins/com.st.stm32cube.ide.mcu.externaltools.gnu-tools-for-stm32.11.3.rel1.win32_1.1.1.202309131626/tools/bin/../lib/gcc/arm-none-eabi/11.3.1/thumb/v7e-m+dp/hard\libgcc.a
LOAD C:/Users/Lucas/STM32CubeIDE_1.13.2/STM32CubeIDE/plugins/com.st.stm32cube.ide.mcu.externaltools.gnu-tools-for-stm32.11.3.rel1.win32_1.1.1.202309131626/tools/bin/../lib/gcc/arm-none-eabi/11.3.1/../../../../arm-none-eabi/lib/thumb/v7e-m+dp/hard\libc_nano.a
LOAD C:/Users/Lucas/STM32CubeIDE_1.13.2/STM32CubeIDE/plugins/com.st.stm32cube.ide.mcu.externaltools.gnu-tools-for-stm32.11.3.rel1.win32_1.1.1.202309131626/tools/bin/../lib/gcc/arm-none-eabi/11.3.1/../../../../arm-none-eabi/lib/thumb/v7e-m+dp/hard\libnosys.a
END GROUP
START GROUP
LOAD C:/Users/Lucas/STM32CubeIDE_1.13.2/STM32CubeIDE/plugins/com.st.stm32cube.ide.mcu.externaltools.gnu-tools-for-stm32.11.3.rel1.win32_1.1.1.202309131626/tools/bin/../lib/gcc/arm-none-eabi/11.3.1/thumb/v7e-m+dp/hard\libgcc.a
LOAD C:/Users/Lucas/STM32CubeIDE_1.13.2/STM32CubeIDE/plugins/com.st.stm32cube.ide.mcu.externaltools.gnu-tools-for-stm32.11.3.rel1.win32_1.1.1.202309131626/tools/bin/../lib/gcc/arm-none-eabi/11.3.1/../../../../arm-none-eabi/lib/thumb/v7e-m+dp/hard\libc_nano.a
LOAD C:/Users/Lucas/STM32CubeIDE_1.13.2/STM32CubeIDE/plugins/com.st.stm32cube.ide.mcu.externaltools.gnu-tools-for-stm32.11.3.rel1.win32_1.1.1.202309131626/tools/bin/../lib/gcc/arm-none-eabi/11.3.1/../../../../arm-none-eabi/lib/thumb/v7e-m+dp/hard\libnosys.a
END GROUP
LOAD C:/Users/Lucas/STM32CubeIDE_1.13.2/STM32CubeIDE/plugins/com.st.stm32cube.ide.mcu.externaltools.gnu-tools-for-stm32.11.3.rel1.win32_1.1.1.202309131626/tools/bin/../lib/gcc/arm-none-eabi/11.3.1/thumb/v7e-m+dp/hard/crtend.o
LOAD C:/Users/Lucas/STM32CubeIDE_1.13.2/STM32CubeIDE/plugins/com.st.stm32cube.ide.mcu.externaltools.gnu-tools-for-stm32.11.3.rel1.win32_1.1.1.202309131626/tools/bin/../lib/gcc/arm-none-eabi/11.3.1/thumb/v7e-m+dp/hard/crtn.o
                0x0000000024100000                _estack = (ORIGIN (RAM) + LENGTH (RAM))
                0x0000000000000200                _Min_Heap_Size = 0x200
                0x0000000000000400                _Min_Stack_Size = 0x400

.isr_vector     0x0000000008000000      0x2ac
                0x0000000008000000                . = ALIGN (0x4)
 *(.isr_vector)
 .isr_vector    0x0000000008000000      0x2ac ./Core/Startup/startup_stm32h7a3zitxq.o
                0x0000000008000000                g_pfnVectors
                0x00000000080002ac                . = ALIGN (0x4)

.text           0x00000000080002ac     0x6c1c
                0x00000000080002ac                . = ALIGN (0x4)
 *(.text)
 .text          0x00000000080002ac       0x40 C:/Users/Lucas/STM32CubeIDE_1.13.2/STM32CubeIDE/plugins/com.st.stm32cube.ide.mcu.externaltools.gnu-tools-for-stm32.11.3.rel1.win32_1.1.1.202309131626/tools/bin/../lib/gcc/arm-none-eabi/11.3.1/thumb/v7e-m+dp/hard/crtbegin.o
 .text          0x00000000080002ec       0x30 C:/Users/Lucas/STM32CubeIDE_1.13.2/STM32CubeIDE/plugins/com.st.stm32cube.ide.mcu.externaltools.gnu-tools-for-stm32.11.3.rel1.win32_1.1.1.202309131626/tools/bin/../lib/gcc/arm-none-eabi/11.3.1/thumb/v7e-m+dp/hard\libgcc.a(_aeabi_uldivmod.o)
                0x00000000080002ec                __aeabi_uldivmod
 .text          0x000000000800031c      0x2c8 C:/Users/Lucas/STM32CubeIDE_1.13.2/STM32CubeIDE/plugins/com.st.stm32cube.ide.mcu.externaltools.gnu-tools-for-stm32.11.3.rel1.win32_1.1.1.202309131626/tools/bin/../lib/gcc/arm-none-eabi/11.3.1/thumb/v7e-m+dp/hard\libgcc.a(_udivmoddi4.o)
                0x000000000800031c                __udivmoddi4
 .text          0x00000000080005e4        0x4 C:/Users/Lucas/STM32CubeIDE_1.13.2/STM32CubeIDE/plugins/com.st.stm32cube.ide.mcu.externaltools.gnu-tools-for-stm32.11.3.rel1.win32_1.1.1.202309131626/tools/bin/../lib/gcc/arm-none-eabi/11.3.1/thumb/v7e-m+dp/hard\libgcc.a(_dvmd_tls.o)
                0x00000000080005e4                __aeabi_idiv0
                0x00000000080005e4                __aeabi_ldiv0
 *(.text*)
 .text.update_crc
                0x00000000080005e8       0xdc ./Core/Src/crc.o
                0x00000000080005e8                update_crc
 .text.main     0x00000000080006c4      0x108 ./Core/Src/main.o
                0x00000000080006c4                main
 .text.SystemClock_Config
                0x00000000080007cc       0xec ./Core/Src/main.o
                0x00000000080007cc                SystemClock_Config
 .text.MX_UART4_Init
                0x00000000080008b8       0x98 ./Core/Src/main.o
 .text.MX_UART5_Init
                0x0000000008000950       0x98 ./Core/Src/main.o
 .text.MX_USART1_UART_Init
                0x00000000080009e8       0xa8 ./Core/Src/main.o
 .text.MX_USART3_UART_Init
                0x0000000008000a90       0x98 ./Core/Src/main.o
 .text.MX_USB_OTG_HS_USB_Init
                0x0000000008000b28        0xe ./Core/Src/main.o
 *fill*         0x0000000008000b36        0x2 
 .text.MX_GPIO_Init
                0x0000000008000b38      0x234 ./Core/Src/main.o
 .text.Error_Handler
                0x0000000008000d6c        0xa ./Core/Src/main.o
                0x0000000008000d6c                Error_Handler
 *fill*         0x0000000008000d76        0x2 
 .text.send_dynamixel
                0x0000000008000d78       0x5c ./Core/Src/send_dynamixel.o
                0x0000000008000d78                send_dynamixel
 .text.HAL_MspInit
                0x0000000008000dd4       0x34 ./Core/Src/stm32h7xx_hal_msp.o
                0x0000000008000dd4                HAL_MspInit
 .text.HAL_UART_MspInit
                0x0000000008000e08      0x2c0 ./Core/Src/stm32h7xx_hal_msp.o
                0x0000000008000e08                HAL_UART_MspInit
 .text.NMI_Handler
                0x00000000080010c8        0x6 ./Core/Src/stm32h7xx_it.o
                0x00000000080010c8                NMI_Handler
 .text.HardFault_Handler
                0x00000000080010ce        0x6 ./Core/Src/stm32h7xx_it.o
                0x00000000080010ce                HardFault_Handler
 .text.MemManage_Handler
                0x00000000080010d4        0x6 ./Core/Src/stm32h7xx_it.o
                0x00000000080010d4                MemManage_Handler
 .text.BusFault_Handler
                0x00000000080010da        0x6 ./Core/Src/stm32h7xx_it.o
                0x00000000080010da                BusFault_Handler
 .text.UsageFault_Handler
                0x00000000080010e0        0x6 ./Core/Src/stm32h7xx_it.o
                0x00000000080010e0                UsageFault_Handler
 .text.SVC_Handler
                0x00000000080010e6        0xe ./Core/Src/stm32h7xx_it.o
                0x00000000080010e6                SVC_Handler
 .text.DebugMon_Handler
                0x00000000080010f4        0xe ./Core/Src/stm32h7xx_it.o
                0x00000000080010f4                DebugMon_Handler
 .text.PendSV_Handler
                0x0000000008001102        0xe ./Core/Src/stm32h7xx_it.o
                0x0000000008001102                PendSV_Handler
 .text.SysTick_Handler
                0x0000000008001110        0xc ./Core/Src/stm32h7xx_it.o
                0x0000000008001110                SysTick_Handler
 .text.UART4_IRQHandler
                0x000000000800111c       0x14 ./Core/Src/stm32h7xx_it.o
                0x000000000800111c                UART4_IRQHandler
 .text.SystemInit
                0x0000000008001130       0xf0 ./Core/Src/system_stm32h7xx.o
                0x0000000008001130                SystemInit
 .text.Reset_Handler
                0x0000000008001220       0x50 ./Core/Startup/startup_stm32h7a3zitxq.o
                0x0000000008001220                Reset_Handler
 .text.Default_Handler
                0x0000000008001270        0x2 ./Core/Startup/startup_stm32h7a3zitxq.o
                0x0000000008001270                RTC_Alarm_IRQHandler
                0x0000000008001270                EXTI2_IRQHandler
                0x0000000008001270                TIM8_CC_IRQHandler
                0x0000000008001270                UART8_IRQHandler
                0x0000000008001270                BDMA2_Channel1_IRQHandler
                0x0000000008001270                SPI4_IRQHandler
                0x0000000008001270                BDMA2_Channel0_IRQHandler
                0x0000000008001270                TIM1_CC_IRQHandler
                0x0000000008001270                DMA2_Stream5_IRQHandler
                0x0000000008001270                JPEG_IRQHandler
                0x0000000008001270                DMA1_Stream5_IRQHandler
                0x0000000008001270                EXTI3_IRQHandler
                0x0000000008001270                LPTIM4_IRQHandler
                0x0000000008001270                TIM8_TRG_COM_TIM14_IRQHandler
                0x0000000008001270                LPTIM2_IRQHandler
                0x0000000008001270                DFSDM1_FLT1_IRQHandler
                0x0000000008001270                DMAMUX2_OVR_IRQHandler
                0x0000000008001270                GFXMMU_IRQHandler
                0x0000000008001270                TIM8_UP_TIM13_IRQHandler
                0x0000000008001270                I2C3_ER_IRQHandler
                0x0000000008001270                DFSDM1_FLT2_IRQHandler
                0x0000000008001270                USART10_IRQHandler
                0x0000000008001270                MDMA_IRQHandler
                0x0000000008001270                LPTIM3_IRQHandler
                0x0000000008001270                BDMA2_Channel3_IRQHandler
                0x0000000008001270                HSEM1_IRQHandler
                0x0000000008001270                EXTI0_IRQHandler
                0x0000000008001270                I2C2_EV_IRQHandler
                0x0000000008001270                DAC2_IRQHandler
                0x0000000008001270                DMA1_Stream2_IRQHandler
                0x0000000008001270                FPU_IRQHandler
                0x0000000008001270                OTG_HS_WKUP_IRQHandler
                0x0000000008001270                FDCAN1_IT1_IRQHandler
                0x0000000008001270                LTDC_ER_IRQHandler
                0x0000000008001270                DMA2_Stream2_IRQHandler
                0x0000000008001270                SPI1_IRQHandler
                0x0000000008001270                OCTOSPI1_IRQHandler
                0x0000000008001270                TIM6_DAC_IRQHandler
                0x0000000008001270                BDMA2_Channel6_IRQHandler
                0x0000000008001270                DMA2_Stream3_IRQHandler
                0x0000000008001270                OCTOSPI2_IRQHandler
                0x0000000008001270                SAI2_IRQHandler
                0x0000000008001270                BDMA1_IRQHandler
                0x0000000008001270                DFSDM1_FLT3_IRQHandler
                0x0000000008001270                USART6_IRQHandler
                0x0000000008001270                TIM17_IRQHandler
                0x0000000008001270                USART3_IRQHandler
                0x0000000008001270                LPTIM5_IRQHandler
                0x0000000008001270                UART5_IRQHandler
                0x0000000008001270                DMA2_Stream0_IRQHandler
                0x0000000008001270                TIM4_IRQHandler
                0x0000000008001270                I2C1_EV_IRQHandler
                0x0000000008001270                DMA1_Stream6_IRQHandler
                0x0000000008001270                DMAMUX1_OVR_IRQHandler
                0x0000000008001270                DMA1_Stream1_IRQHandler
                0x0000000008001270                TIM16_IRQHandler
                0x0000000008001270                TIM3_IRQHandler
                0x0000000008001270                RCC_IRQHandler
                0x0000000008001270                UART9_IRQHandler
                0x0000000008001270                TIM8_BRK_TIM12_IRQHandler
                0x0000000008001270                TIM1_TRG_COM_IRQHandler
                0x0000000008001270                Default_Handler
                0x0000000008001270                ECC_IRQHandler
                0x0000000008001270                BDMA2_Channel2_IRQHandler
                0x0000000008001270                CEC_IRQHandler
                0x0000000008001270                EXTI15_10_IRQHandler
                0x0000000008001270                DFSDM1_FLT4_IRQHandler
                0x0000000008001270                ADC_IRQHandler
                0x0000000008001270                DMA1_Stream7_IRQHandler
                0x0000000008001270                SPI5_IRQHandler
                0x0000000008001270                TIM7_IRQHandler
                0x0000000008001270                SDMMC1_IRQHandler
                0x0000000008001270                TIM5_IRQHandler
                0x0000000008001270                DMA2_Stream7_IRQHandler
                0x0000000008001270                TIM15_IRQHandler
                0x0000000008001270                I2C3_EV_IRQHandler
                0x0000000008001270                DFSDM2_IRQHandler
                0x0000000008001270                EXTI9_5_IRQHandler
                0x0000000008001270                RTC_WKUP_IRQHandler
                0x0000000008001270                LTDC_IRQHandler
                0x0000000008001270                SPDIF_RX_IRQHandler
                0x0000000008001270                PVD_PVM_IRQHandler
                0x0000000008001270                SPI2_IRQHandler
                0x0000000008001270                OTG_HS_EP1_IN_IRQHandler
                0x0000000008001270                DFSDM1_FLT5_IRQHandler
                0x0000000008001270                DMA1_Stream0_IRQHandler
                0x0000000008001270                CRS_IRQHandler
                0x0000000008001270                EXTI4_IRQHandler
                0x0000000008001270                DFSDM1_FLT6_IRQHandler
                0x0000000008001270                RNG_IRQHandler
                0x0000000008001270                FDCAN2_IT1_IRQHandler
                0x0000000008001270                COMP_IRQHandler
                0x0000000008001270                TIM1_UP_IRQHandler
                0x0000000008001270                OTG_HS_EP1_OUT_IRQHandler
                0x0000000008001270                WWDG_IRQHandler
                0x0000000008001270                SPI6_IRQHandler
                0x0000000008001270                MDIOS_IRQHandler
                0x0000000008001270                I2C4_EV_IRQHandler
                0x0000000008001270                FDCAN2_IT0_IRQHandler
                0x0000000008001270                LPUART1_IRQHandler
                0x0000000008001270                FDCAN1_IT0_IRQHandler
                0x0000000008001270                TIM2_IRQHandler
                0x0000000008001270                BDMA2_Channel5_IRQHandler
                0x0000000008001270                OTG_HS_IRQHandler
                0x0000000008001270                DMA2D_IRQHandler
                0x0000000008001270                TIM1_BRK_IRQHandler
                0x0000000008001270                EXTI1_IRQHandler
                0x0000000008001270                SDMMC2_IRQHandler
                0x0000000008001270                DTS_IRQHandler
                0x0000000008001270                UART7_IRQHandler
                0x0000000008001270                MDIOS_WKUP_IRQHandler
                0x0000000008001270                USART2_IRQHandler
                0x0000000008001270                DFSDM1_FLT0_IRQHandler
                0x0000000008001270                I2C2_ER_IRQHandler
                0x0000000008001270                DMA2_Stream1_IRQHandler
                0x0000000008001270                DFSDM1_FLT7_IRQHandler
                0x0000000008001270                FLASH_IRQHandler
                0x0000000008001270                DMA2_Stream4_IRQHandler
                0x0000000008001270                USART1_IRQHandler
                0x0000000008001270                SPI3_IRQHandler
                0x0000000008001270                WAKEUP_PIN_IRQHandler
                0x0000000008001270                DMA1_Stream4_IRQHandler
                0x0000000008001270                I2C1_ER_IRQHandler
                0x0000000008001270                FMC_IRQHandler
                0x0000000008001270                BDMA2_Channel7_IRQHandler
                0x0000000008001270                FDCAN_CAL_IRQHandler
                0x0000000008001270                SWPMI1_IRQHandler
                0x0000000008001270                LPTIM1_IRQHandler
                0x0000000008001270                DCMI_PSSI_IRQHandler
                0x0000000008001270                I2C4_ER_IRQHandler
                0x0000000008001270                DMA2_Stream6_IRQHandler
                0x0000000008001270                SAI1_IRQHandler
                0x0000000008001270                DMA1_Stream3_IRQHandler
                0x0000000008001270                RTC_TAMP_STAMP_CSS_LSE_IRQHandler
                0x0000000008001270                BDMA2_Channel4_IRQHandler
 *fill*         0x0000000008001272        0x2 
 .text.HAL_Init
                0x0000000008001274       0x78 ./Drivers/STM32H7xx_HAL_Driver/Src/stm32h7xx_hal.o
                0x0000000008001274                HAL_Init
 .text.HAL_InitTick
                0x00000000080012ec       0x6c ./Drivers/STM32H7xx_HAL_Driver/Src/stm32h7xx_hal.o
                0x00000000080012ec                HAL_InitTick
 .text.HAL_IncTick
                0x0000000008001358       0x28 ./Drivers/STM32H7xx_HAL_Driver/Src/stm32h7xx_hal.o
                0x0000000008001358                HAL_IncTick
 .text.HAL_GetTick
                0x0000000008001380       0x18 ./Drivers/STM32H7xx_HAL_Driver/Src/stm32h7xx_hal.o
                0x0000000008001380                HAL_GetTick
 .text.HAL_Delay
                0x0000000008001398       0x48 ./Drivers/STM32H7xx_HAL_Driver/Src/stm32h7xx_hal.o
                0x0000000008001398                HAL_Delay
 .text.__NVIC_SetPriorityGrouping
                0x00000000080013e0       0x48 ./Drivers/STM32H7xx_HAL_Driver/Src/stm32h7xx_hal_cortex.o
 .text.__NVIC_GetPriorityGrouping
                0x0000000008001428       0x1c ./Drivers/STM32H7xx_HAL_Driver/Src/stm32h7xx_hal_cortex.o
 .text.__NVIC_EnableIRQ
                0x0000000008001444       0x3c ./Drivers/STM32H7xx_HAL_Driver/Src/stm32h7xx_hal_cortex.o
 .text.__NVIC_SetPriority
                0x0000000008001480       0x54 ./Drivers/STM32H7xx_HAL_Driver/Src/stm32h7xx_hal_cortex.o
 .text.NVIC_EncodePriority
                0x00000000080014d4       0x66 ./Drivers/STM32H7xx_HAL_Driver/Src/stm32h7xx_hal_cortex.o
 *fill*         0x000000000800153a        0x2 
 .text.SysTick_Config
                0x000000000800153c       0x44 ./Drivers/STM32H7xx_HAL_Driver/Src/stm32h7xx_hal_cortex.o
 .text.HAL_NVIC_SetPriorityGrouping
                0x0000000008001580       0x16 ./Drivers/STM32H7xx_HAL_Driver/Src/stm32h7xx_hal_cortex.o
                0x0000000008001580                HAL_NVIC_SetPriorityGrouping
 .text.HAL_NVIC_SetPriority
                0x0000000008001596       0x34 ./Drivers/STM32H7xx_HAL_Driver/Src/stm32h7xx_hal_cortex.o
                0x0000000008001596                HAL_NVIC_SetPriority
 .text.HAL_NVIC_EnableIRQ
                0x00000000080015ca       0x1c ./Drivers/STM32H7xx_HAL_Driver/Src/stm32h7xx_hal_cortex.o
                0x00000000080015ca                HAL_NVIC_EnableIRQ
 .text.HAL_SYSTICK_Config
                0x00000000080015e6       0x18 ./Drivers/STM32H7xx_HAL_Driver/Src/stm32h7xx_hal_cortex.o
                0x00000000080015e6                HAL_SYSTICK_Config
 *fill*         0x00000000080015fe        0x2 
 .text.HAL_DMA_Abort
                0x0000000008001600      0x63c ./Drivers/STM32H7xx_HAL_Driver/Src/stm32h7xx_hal_dma.o
                0x0000000008001600                HAL_DMA_Abort
 .text.HAL_DMA_Abort_IT
                0x0000000008001c3c      0x48c ./Drivers/STM32H7xx_HAL_Driver/Src/stm32h7xx_hal_dma.o
                0x0000000008001c3c                HAL_DMA_Abort_IT
 .text.HAL_GPIO_Init
                0x00000000080020c8      0x360 ./Drivers/STM32H7xx_HAL_Driver/Src/stm32h7xx_hal_gpio.o
                0x00000000080020c8                HAL_GPIO_Init
 .text.HAL_GPIO_WritePin
                0x0000000008002428       0x32 ./Drivers/STM32H7xx_HAL_Driver/Src/stm32h7xx_hal_gpio.o
                0x0000000008002428                HAL_GPIO_WritePin
 *fill*         0x000000000800245a        0x2 
 .text.HAL_PWREx_ConfigSupply
                0x000000000800245c       0xb4 ./Drivers/STM32H7xx_HAL_Driver/Src/stm32h7xx_hal_pwr_ex.o
                0x000000000800245c                HAL_PWREx_ConfigSupply
 .text.HAL_RCC_OscConfig
                0x0000000008002510      0x864 ./Drivers/STM32H7xx_HAL_Driver/Src/stm32h7xx_hal_rcc.o
                0x0000000008002510                HAL_RCC_OscConfig
 .text.HAL_RCC_ClockConfig
                0x0000000008002d74      0x36c ./Drivers/STM32H7xx_HAL_Driver/Src/stm32h7xx_hal_rcc.o
                0x0000000008002d74                HAL_RCC_ClockConfig
 .text.HAL_RCC_GetSysClockFreq
                0x00000000080030e0      0x2f4 ./Drivers/STM32H7xx_HAL_Driver/Src/stm32h7xx_hal_rcc.o
                0x00000000080030e0                HAL_RCC_GetSysClockFreq
 .text.HAL_RCC_GetHCLKFreq
                0x00000000080033d4       0x60 ./Drivers/STM32H7xx_HAL_Driver/Src/stm32h7xx_hal_rcc.o
                0x00000000080033d4                HAL_RCC_GetHCLKFreq
 .text.HAL_RCC_GetPCLK1Freq
                0x0000000008003434       0x2c ./Drivers/STM32H7xx_HAL_Driver/Src/stm32h7xx_hal_rcc.o
                0x0000000008003434                HAL_RCC_GetPCLK1Freq
 .text.HAL_RCC_GetPCLK2Freq
                0x0000000008003460       0x2c ./Drivers/STM32H7xx_HAL_Driver/Src/stm32h7xx_hal_rcc.o
                0x0000000008003460                HAL_RCC_GetPCLK2Freq
 .text.HAL_RCCEx_PeriphCLKConfig
                0x000000000800348c     0x137c ./Drivers/STM32H7xx_HAL_Driver/Src/stm32h7xx_hal_rcc_ex.o
                0x000000000800348c                HAL_RCCEx_PeriphCLKConfig
 .text.HAL_RCCEx_GetD3PCLK1Freq
                0x0000000008004808       0x2c ./Drivers/STM32H7xx_HAL_Driver/Src/stm32h7xx_hal_rcc_ex.o
                0x0000000008004808                HAL_RCCEx_GetD3PCLK1Freq
 .text.HAL_RCCEx_GetPLL2ClockFreq
                0x0000000008004834      0x2a8 ./Drivers/STM32H7xx_HAL_Driver/Src/stm32h7xx_hal_rcc_ex.o
                0x0000000008004834                HAL_RCCEx_GetPLL2ClockFreq
 .text.HAL_RCCEx_GetPLL3ClockFreq
                0x0000000008004adc      0x2a8 ./Drivers/STM32H7xx_HAL_Driver/Src/stm32h7xx_hal_rcc_ex.o
                0x0000000008004adc                HAL_RCCEx_GetPLL3ClockFreq
 .text.RCCEx_PLL2_Config
                0x0000000008004d84      0x164 ./Drivers/STM32H7xx_HAL_Driver/Src/stm32h7xx_hal_rcc_ex.o
 .text.RCCEx_PLL3_Config
                0x0000000008004ee8      0x164 ./Drivers/STM32H7xx_HAL_Driver/Src/stm32h7xx_hal_rcc_ex.o
 .text.HAL_UART_Init
                0x000000000800504c       0xa0 ./Drivers/STM32H7xx_HAL_Driver/Src/stm32h7xx_hal_uart.o
                0x000000000800504c                HAL_UART_Init
 .text.HAL_HalfDuplex_Init
                0x00000000080050ec       0xb0 ./Drivers/STM32H7xx_HAL_Driver/Src/stm32h7xx_hal_uart.o
                0x00000000080050ec                HAL_HalfDuplex_Init
 .text.HAL_UART_Transmit
                0x000000000800519c      0x11c ./Drivers/STM32H7xx_HAL_Driver/Src/stm32h7xx_hal_uart.o
                0x000000000800519c                HAL_UART_Transmit
 .text.HAL_UART_IRQHandler
                0x00000000080052b8      0x774 ./Drivers/STM32H7xx_HAL_Driver/Src/stm32h7xx_hal_uart.o
                0x00000000080052b8                HAL_UART_IRQHandler
 .text.HAL_UART_TxCpltCallback
                0x0000000008005a2c       0x14 ./Drivers/STM32H7xx_HAL_Driver/Src/stm32h7xx_hal_uart.o
                0x0000000008005a2c                HAL_UART_TxCpltCallback
 .text.HAL_UART_ErrorCallback
                0x0000000008005a40       0x14 ./Drivers/STM32H7xx_HAL_Driver/Src/stm32h7xx_hal_uart.o
                0x0000000008005a40                HAL_UART_ErrorCallback
 .text.HAL_UARTEx_RxEventCallback
                0x0000000008005a54       0x18 ./Drivers/STM32H7xx_HAL_Driver/Src/stm32h7xx_hal_uart.o
                0x0000000008005a54                HAL_UARTEx_RxEventCallback
 .text.UART_SetConfig
                0x0000000008005a6c      0xcd8 ./Drivers/STM32H7xx_HAL_Driver/Src/stm32h7xx_hal_uart.o
                0x0000000008005a6c                UART_SetConfig
 .text.UART_AdvFeatureConfig
                0x0000000008006744      0x144 ./Drivers/STM32H7xx_HAL_Driver/Src/stm32h7xx_hal_uart.o
                0x0000000008006744                UART_AdvFeatureConfig
 .text.UART_CheckIdleState
                0x0000000008006888      0x154 ./Drivers/STM32H7xx_HAL_Driver/Src/stm32h7xx_hal_uart.o
                0x0000000008006888                UART_CheckIdleState
 .text.UART_WaitOnFlagUntilTimeout
                0x00000000080069dc       0xce ./Drivers/STM32H7xx_HAL_Driver/Src/stm32h7xx_hal_uart.o
                0x00000000080069dc                UART_WaitOnFlagUntilTimeout
 *fill*         0x0000000008006aaa        0x2 
 .text.UART_EndRxTransfer
                0x0000000008006aac       0xcc ./Drivers/STM32H7xx_HAL_Driver/Src/stm32h7xx_hal_uart.o
 .text.UART_DMAAbortOnError
                0x0000000008006b78       0x2c ./Drivers/STM32H7xx_HAL_Driver/Src/stm32h7xx_hal_uart.o
 .text.UART_EndTransmit_IT
                0x0000000008006ba4       0x56 ./Drivers/STM32H7xx_HAL_Driver/Src/stm32h7xx_hal_uart.o
 .text.HAL_UARTEx_WakeupCallback
                0x0000000008006bfa       0x14 ./Drivers/STM32H7xx_HAL_Driver/Src/stm32h7xx_hal_uart_ex.o
                0x0000000008006bfa                HAL_UARTEx_WakeupCallback
 .text.HAL_UARTEx_RxFifoFullCallback
                0x0000000008006c0e       0x14 ./Drivers/STM32H7xx_HAL_Driver/Src/stm32h7xx_hal_uart_ex.o
                0x0000000008006c0e                HAL_UARTEx_RxFifoFullCallback
 .text.HAL_UARTEx_TxFifoEmptyCallback
                0x0000000008006c22       0x14 ./Drivers/STM32H7xx_HAL_Driver/Src/stm32h7xx_hal_uart_ex.o
                0x0000000008006c22                HAL_UARTEx_TxFifoEmptyCallback
 .text.HAL_UARTEx_DisableFifoMode
                0x0000000008006c36       0x72 ./Drivers/STM32H7xx_HAL_Driver/Src/stm32h7xx_hal_uart_ex.o
                0x0000000008006c36                HAL_UARTEx_DisableFifoMode
 .text.HAL_UARTEx_SetTxFifoThreshold
                0x0000000008006ca8       0x7c ./Drivers/STM32H7xx_HAL_Driver/Src/stm32h7xx_hal_uart_ex.o
                0x0000000008006ca8                HAL_UARTEx_SetTxFifoThreshold
 .text.HAL_UARTEx_SetRxFifoThreshold
                0x0000000008006d24       0x7c ./Drivers/STM32H7xx_HAL_Driver/Src/stm32h7xx_hal_uart_ex.o
                0x0000000008006d24                HAL_UARTEx_SetRxFifoThreshold
 .text.UARTEx_SetNbDataToProcess
                0x0000000008006da0       0x9c ./Drivers/STM32H7xx_HAL_Driver/Src/stm32h7xx_hal_uart_ex.o
 .text.memset   0x0000000008006e3c       0x10 C:/Users/Lucas/STM32CubeIDE_1.13.2/STM32CubeIDE/plugins/com.st.stm32cube.ide.mcu.externaltools.gnu-tools-for-stm32.11.3.rel1.win32_1.1.1.202309131626/tools/bin/../lib/gcc/arm-none-eabi/11.3.1/../../../../arm-none-eabi/lib/thumb/v7e-m+dp/hard\libc_nano.a(libc_a-memset.o)
                0x0000000008006e3c                memset
 .text.__libc_init_array
                0x0000000008006e4c       0x48 C:/Users/Lucas/STM32CubeIDE_1.13.2/STM32CubeIDE/plugins/com.st.stm32cube.ide.mcu.externaltools.gnu-tools-for-stm32.11.3.rel1.win32_1.1.1.202309131626/tools/bin/../lib/gcc/arm-none-eabi/11.3.1/../../../../arm-none-eabi/lib/thumb/v7e-m+dp/hard\libc_nano.a(libc_a-init.o)
                0x0000000008006e4c                __libc_init_array
 .text.memcpy   0x0000000008006e94       0x1c C:/Users/Lucas/STM32CubeIDE_1.13.2/STM32CubeIDE/plugins/com.st.stm32cube.ide.mcu.externaltools.gnu-tools-for-stm32.11.3.rel1.win32_1.1.1.202309131626/tools/bin/../lib/gcc/arm-none-eabi/11.3.1/../../../../arm-none-eabi/lib/thumb/v7e-m+dp/hard\libc_nano.a(libc_a-memcpy-stub.o)
                0x0000000008006e94                memcpy
 *(.glue_7)
 .glue_7        0x0000000008006eb0        0x0 linker stubs
 *(.glue_7t)
 .glue_7t       0x0000000008006eb0        0x0 linker stubs
 *(.eh_frame)
 .eh_frame      0x0000000008006eb0        0x0 C:/Users/Lucas/STM32CubeIDE_1.13.2/STM32CubeIDE/plugins/com.st.stm32cube.ide.mcu.externaltools.gnu-tools-for-stm32.11.3.rel1.win32_1.1.1.202309131626/tools/bin/../lib/gcc/arm-none-eabi/11.3.1/thumb/v7e-m+dp/hard/crtbegin.o
 *(.init)
 .init          0x0000000008006eb0        0x4 C:/Users/Lucas/STM32CubeIDE_1.13.2/STM32CubeIDE/plugins/com.st.stm32cube.ide.mcu.externaltools.gnu-tools-for-stm32.11.3.rel1.win32_1.1.1.202309131626/tools/bin/../lib/gcc/arm-none-eabi/11.3.1/thumb/v7e-m+dp/hard/crti.o
                0x0000000008006eb0                _init
 .init          0x0000000008006eb4        0x8 C:/Users/Lucas/STM32CubeIDE_1.13.2/STM32CubeIDE/plugins/com.st.stm32cube.ide.mcu.externaltools.gnu-tools-for-stm32.11.3.rel1.win32_1.1.1.202309131626/tools/bin/../lib/gcc/arm-none-eabi/11.3.1/thumb/v7e-m+dp/hard/crtn.o
 *(.fini)
 .fini          0x0000000008006ebc        0x4 C:/Users/Lucas/STM32CubeIDE_1.13.2/STM32CubeIDE/plugins/com.st.stm32cube.ide.mcu.externaltools.gnu-tools-for-stm32.11.3.rel1.win32_1.1.1.202309131626/tools/bin/../lib/gcc/arm-none-eabi/11.3.1/thumb/v7e-m+dp/hard/crti.o
                0x0000000008006ebc                _fini
 .fini          0x0000000008006ec0        0x8 C:/Users/Lucas/STM32CubeIDE_1.13.2/STM32CubeIDE/plugins/com.st.stm32cube.ide.mcu.externaltools.gnu-tools-for-stm32.11.3.rel1.win32_1.1.1.202309131626/tools/bin/../lib/gcc/arm-none-eabi/11.3.1/thumb/v7e-m+dp/hard/crtn.o
                0x0000000008006ec8                . = ALIGN (0x4)
                0x0000000008006ec8                _etext = .

.vfp11_veneer   0x0000000008006ec8        0x0
 .vfp11_veneer  0x0000000008006ec8        0x0 linker stubs

.v4_bx          0x0000000008006ec8        0x0
 .v4_bx         0x0000000008006ec8        0x0 linker stubs

.iplt           0x0000000008006ec8        0x0
 .iplt          0x0000000008006ec8        0x0 C:/Users/Lucas/STM32CubeIDE_1.13.2/STM32CubeIDE/plugins/com.st.stm32cube.ide.mcu.externaltools.gnu-tools-for-stm32.11.3.rel1.win32_1.1.1.202309131626/tools/bin/../lib/gcc/arm-none-eabi/11.3.1/thumb/v7e-m+dp/hard/crtbegin.o

.rodata         0x0000000008006ec8      0x268
                0x0000000008006ec8                . = ALIGN (0x4)
 *(.rodata)
 .rodata        0x0000000008006ec8      0x200 ./Core/Src/crc.o
 .rodata        0x00000000080070c8       0x2d ./Core/Src/main.o
 *(.rodata*)
 *fill*         0x00000000080070f5        0x3 
 .rodata.D1CorePrescTable
                0x00000000080070f8       0x10 ./Core/Src/system_stm32h7xx.o
                0x00000000080070f8                D1CorePrescTable
 .rodata.UARTPrescTable
                0x0000000008007108       0x18 ./Drivers/STM32H7xx_HAL_Driver/Src/stm32h7xx_hal_uart.o
                0x0000000008007108                UARTPrescTable
 .rodata.numerator.1
                0x0000000008007120        0x8 ./Drivers/STM32H7xx_HAL_Driver/Src/stm32h7xx_hal_uart_ex.o
 .rodata.denominator.0
                0x0000000008007128        0x8 ./Drivers/STM32H7xx_HAL_Driver/Src/stm32h7xx_hal_uart_ex.o
                0x0000000008007130                . = ALIGN (0x4)

.ARM.extab
 *(.ARM.extab* .gnu.linkonce.armextab.*)

.ARM            0x0000000008007130        0x8
                0x0000000008007130                __exidx_start = .
 *(.ARM.exidx*)
 .ARM.exidx     0x0000000008007130        0x8 C:/Users/Lucas/STM32CubeIDE_1.13.2/STM32CubeIDE/plugins/com.st.stm32cube.ide.mcu.externaltools.gnu-tools-for-stm32.11.3.rel1.win32_1.1.1.202309131626/tools/bin/../lib/gcc/arm-none-eabi/11.3.1/thumb/v7e-m+dp/hard\libgcc.a(_udivmoddi4.o)
                0x0000000008007138                __exidx_end = .

.rel.dyn        0x0000000008007138        0x0
 .rel.iplt      0x0000000008007138        0x0 C:/Users/Lucas/STM32CubeIDE_1.13.2/STM32CubeIDE/plugins/com.st.stm32cube.ide.mcu.externaltools.gnu-tools-for-stm32.11.3.rel1.win32_1.1.1.202309131626/tools/bin/../lib/gcc/arm-none-eabi/11.3.1/thumb/v7e-m+dp/hard/crtbegin.o

.preinit_array  0x0000000008007138        0x0
                0x0000000008007138                PROVIDE (__preinit_array_start = .)
 *(.preinit_array*)
                0x0000000008007138                PROVIDE (__preinit_array_end = .)

.init_array     0x0000000008007138        0x4
                0x0000000008007138                PROVIDE (__init_array_start = .)
 *(SORT_BY_NAME(.init_array.*))
 *(.init_array*)
 .init_array    0x0000000008007138        0x4 C:/Users/Lucas/STM32CubeIDE_1.13.2/STM32CubeIDE/plugins/com.st.stm32cube.ide.mcu.externaltools.gnu-tools-for-stm32.11.3.rel1.win32_1.1.1.202309131626/tools/bin/../lib/gcc/arm-none-eabi/11.3.1/thumb/v7e-m+dp/hard/crtbegin.o
                0x000000000800713c                PROVIDE (__init_array_end = .)

.fini_array     0x000000000800713c        0x4
                [!provide]                        PROVIDE (__fini_array_start = .)
 *(SORT_BY_NAME(.fini_array.*))
 *(.fini_array*)
 .fini_array    0x000000000800713c        0x4 C:/Users/Lucas/STM32CubeIDE_1.13.2/STM32CubeIDE/plugins/com.st.stm32cube.ide.mcu.externaltools.gnu-tools-for-stm32.11.3.rel1.win32_1.1.1.202309131626/tools/bin/../lib/gcc/arm-none-eabi/11.3.1/thumb/v7e-m+dp/hard/crtbegin.o
                [!provide]                        PROVIDE (__fini_array_end = .)
                0x0000000008007140                _sidata = LOADADDR (.data)

.data           0x0000000024000000       0x10 load address 0x0000000008007140
                0x0000000024000000                . = ALIGN (0x4)
                0x0000000024000000                _sdata = .
 *(.data)
 *(.data*)
 .data.SystemCoreClock
                0x0000000024000000        0x4 ./Core/Src/system_stm32h7xx.o
                0x0000000024000000                SystemCoreClock
 .data.SystemD2Clock
                0x0000000024000004        0x4 ./Core/Src/system_stm32h7xx.o
                0x0000000024000004                SystemD2Clock
 .data.uwTickPrio
                0x0000000024000008        0x4 ./Drivers/STM32H7xx_HAL_Driver/Src/stm32h7xx_hal.o
                0x0000000024000008                uwTickPrio
 .data.uwTickFreq
                0x000000002400000c        0x1 ./Drivers/STM32H7xx_HAL_Driver/Src/stm32h7xx_hal.o
                0x000000002400000c                uwTickFreq
 *(.RamFunc)
 *(.RamFunc*)
                0x0000000024000010                . = ALIGN (0x4)
 *fill*         0x000000002400000d        0x3 
                0x0000000024000010                _edata = .

.igot.plt       0x0000000024000010        0x0 load address 0x0000000008007150
 .igot.plt      0x0000000024000010        0x0 C:/Users/Lucas/STM32CubeIDE_1.13.2/STM32CubeIDE/plugins/com.st.stm32cube.ide.mcu.externaltools.gnu-tools-for-stm32.11.3.rel1.win32_1.1.1.202309131626/tools/bin/../lib/gcc/arm-none-eabi/11.3.1/thumb/v7e-m+dp/hard/crtbegin.o
                0x0000000024000010                . = ALIGN (0x4)

.bss            0x0000000024000010      0x270 load address 0x0000000008007150
                0x0000000024000010                _sbss = .
                0x0000000024000010                __bss_start__ = _sbss
 *(.bss)
 .bss           0x0000000024000010       0x1c C:/Users/Lucas/STM32CubeIDE_1.13.2/STM32CubeIDE/plugins/com.st.stm32cube.ide.mcu.externaltools.gnu-tools-for-stm32.11.3.rel1.win32_1.1.1.202309131626/tools/bin/../lib/gcc/arm-none-eabi/11.3.1/thumb/v7e-m+dp/hard/crtbegin.o
 *(.bss*)
 .bss.huart4    0x000000002400002c       0x94 ./Core/Src/main.o
                0x000000002400002c                huart4
 .bss.huart5    0x00000000240000c0       0x94 ./Core/Src/main.o
                0x00000000240000c0                huart5
 .bss.huart1    0x0000000024000154       0x94 ./Core/Src/main.o
                0x0000000024000154                huart1
 .bss.huart3    0x00000000240001e8       0x94 ./Core/Src/main.o
                0x00000000240001e8                huart3
 .bss.uwTick    0x000000002400027c        0x4 ./Drivers/STM32H7xx_HAL_Driver/Src/stm32h7xx_hal.o
                0x000000002400027c                uwTick
 *(COMMON)
                0x0000000024000280                . = ALIGN (0x4)
                0x0000000024000280                _ebss = .
                0x0000000024000280                __bss_end__ = _ebss

._user_heap_stack
                0x0000000024000280      0x600 load address 0x0000000008007150
                0x0000000024000280                . = ALIGN (0x8)
                [!provide]                        PROVIDE (end = .)
                0x0000000024000280                PROVIDE (_end = .)
                0x0000000024000480                . = (. + _Min_Heap_Size)
 *fill*         0x0000000024000280      0x200 
                0x0000000024000880                . = (. + _Min_Stack_Size)
 *fill*         0x0000000024000480      0x400 
                0x0000000024000880                . = ALIGN (0x8)

/DISCARD/
 libc.a(*)
 libm.a(*)
 libgcc.a(*)

.ARM.attributes
                0x0000000000000000       0x2e
 *(.ARM.attributes)
 .ARM.attributes
                0x0000000000000000       0x1e C:/Users/Lucas/STM32CubeIDE_1.13.2/STM32CubeIDE/plugins/com.st.stm32cube.ide.mcu.externaltools.gnu-tools-for-stm32.11.3.rel1.win32_1.1.1.202309131626/tools/bin/../lib/gcc/arm-none-eabi/11.3.1/thumb/v7e-m+dp/hard/crti.o
 .ARM.attributes
                0x000000000000001e       0x32 C:/Users/Lucas/STM32CubeIDE_1.13.2/STM32CubeIDE/plugins/com.st.stm32cube.ide.mcu.externaltools.gnu-tools-for-stm32.11.3.rel1.win32_1.1.1.202309131626/tools/bin/../lib/gcc/arm-none-eabi/11.3.1/thumb/v7e-m+dp/hard/crtbegin.o
 .ARM.attributes
                0x0000000000000050       0x32 ./Core/Src/crc.o
 .ARM.attributes
                0x0000000000000082       0x32 ./Core/Src/main.o
 .ARM.attributes
                0x00000000000000b4       0x32 ./Core/Src/send_dynamixel.o
 .ARM.attributes
                0x00000000000000e6       0x32 ./Core/Src/stm32h7xx_hal_msp.o
 .ARM.attributes
                0x0000000000000118       0x32 ./Core/Src/stm32h7xx_it.o
 .ARM.attributes
                0x000000000000014a       0x32 ./Core/Src/system_stm32h7xx.o
 .ARM.attributes
                0x000000000000017c       0x21 ./Core/Startup/startup_stm32h7a3zitxq.o
 .ARM.attributes
                0x000000000000019d       0x32 ./Drivers/STM32H7xx_HAL_Driver/Src/stm32h7xx_hal.o
 .ARM.attributes
                0x00000000000001cf       0x32 ./Drivers/STM32H7xx_HAL_Driver/Src/stm32h7xx_hal_cortex.o
 .ARM.attributes
                0x0000000000000201       0x32 ./Drivers/STM32H7xx_HAL_Driver/Src/stm32h7xx_hal_dma.o
 .ARM.attributes
                0x0000000000000233       0x32 ./Drivers/STM32H7xx_HAL_Driver/Src/stm32h7xx_hal_gpio.o
 .ARM.attributes
                0x0000000000000265       0x32 ./Drivers/STM32H7xx_HAL_Driver/Src/stm32h7xx_hal_pwr_ex.o
 .ARM.attributes
                0x0000000000000297       0x32 ./Drivers/STM32H7xx_HAL_Driver/Src/stm32h7xx_hal_rcc.o
 .ARM.attributes
                0x00000000000002c9       0x32 ./Drivers/STM32H7xx_HAL_Driver/Src/stm32h7xx_hal_rcc_ex.o
 .ARM.attributes
                0x00000000000002fb       0x32 ./Drivers/STM32H7xx_HAL_Driver/Src/stm32h7xx_hal_uart.o
 .ARM.attributes
                0x000000000000032d       0x32 ./Drivers/STM32H7xx_HAL_Driver/Src/stm32h7xx_hal_uart_ex.o
 .ARM.attributes
                0x000000000000035f       0x32 C:/Users/Lucas/STM32CubeIDE_1.13.2/STM32CubeIDE/plugins/com.st.stm32cube.ide.mcu.externaltools.gnu-tools-for-stm32.11.3.rel1.win32_1.1.1.202309131626/tools/bin/../lib/gcc/arm-none-eabi/11.3.1/../../../../arm-none-eabi/lib/thumb/v7e-m+dp/hard\libc_nano.a(libc_a-memset.o)
 .ARM.attributes
                0x0000000000000391       0x32 C:/Users/Lucas/STM32CubeIDE_1.13.2/STM32CubeIDE/plugins/com.st.stm32cube.ide.mcu.externaltools.gnu-tools-for-stm32.11.3.rel1.win32_1.1.1.202309131626/tools/bin/../lib/gcc/arm-none-eabi/11.3.1/../../../../arm-none-eabi/lib/thumb/v7e-m+dp/hard\libc_nano.a(libc_a-init.o)
 .ARM.attributes
                0x00000000000003c3       0x32 C:/Users/Lucas/STM32CubeIDE_1.13.2/STM32CubeIDE/plugins/com.st.stm32cube.ide.mcu.externaltools.gnu-tools-for-stm32.11.3.rel1.win32_1.1.1.202309131626/tools/bin/../lib/gcc/arm-none-eabi/11.3.1/../../../../arm-none-eabi/lib/thumb/v7e-m+dp/hard\libc_nano.a(libc_a-memcpy-stub.o)
 .ARM.attributes
                0x00000000000003f5       0x1e C:/Users/Lucas/STM32CubeIDE_1.13.2/STM32CubeIDE/plugins/com.st.stm32cube.ide.mcu.externaltools.gnu-tools-for-stm32.11.3.rel1.win32_1.1.1.202309131626/tools/bin/../lib/gcc/arm-none-eabi/11.3.1/thumb/v7e-m+dp/hard\libgcc.a(_aeabi_uldivmod.o)
 .ARM.attributes
                0x0000000000000413       0x32 C:/Users/Lucas/STM32CubeIDE_1.13.2/STM32CubeIDE/plugins/com.st.stm32cube.ide.mcu.externaltools.gnu-tools-for-stm32.11.3.rel1.win32_1.1.1.202309131626/tools/bin/../lib/gcc/arm-none-eabi/11.3.1/thumb/v7e-m+dp/hard\libgcc.a(_udivmoddi4.o)
 .ARM.attributes
                0x0000000000000445       0x1e C:/Users/Lucas/STM32CubeIDE_1.13.2/STM32CubeIDE/plugins/com.st.stm32cube.ide.mcu.externaltools.gnu-tools-for-stm32.11.3.rel1.win32_1.1.1.202309131626/tools/bin/../lib/gcc/arm-none-eabi/11.3.1/thumb/v7e-m+dp/hard\libgcc.a(_dvmd_tls.o)
 .ARM.attributes
                0x0000000000000463       0x1e C:/Users/Lucas/STM32CubeIDE_1.13.2/STM32CubeIDE/plugins/com.st.stm32cube.ide.mcu.externaltools.gnu-tools-for-stm32.11.3.rel1.win32_1.1.1.202309131626/tools/bin/../lib/gcc/arm-none-eabi/11.3.1/thumb/v7e-m+dp/hard/crtn.o
OUTPUT(Projet_Eve_servo.elf elf32-littlearm)
LOAD linker stubs
LOAD C:/Users/Lucas/STM32CubeIDE_1.13.2/STM32CubeIDE/plugins/com.st.stm32cube.ide.mcu.externaltools.gnu-tools-for-stm32.11.3.rel1.win32_1.1.1.202309131626/tools/bin/../lib/gcc/arm-none-eabi/11.3.1/../../../../arm-none-eabi/lib/thumb/v7e-m+dp/hard\libc.a
LOAD C:/Users/Lucas/STM32CubeIDE_1.13.2/STM32CubeIDE/plugins/com.st.stm32cube.ide.mcu.externaltools.gnu-tools-for-stm32.11.3.rel1.win32_1.1.1.202309131626/tools/bin/../lib/gcc/arm-none-eabi/11.3.1/../../../../arm-none-eabi/lib/thumb/v7e-m+dp/hard\libm.a
LOAD C:/Users/Lucas/STM32CubeIDE_1.13.2/STM32CubeIDE/plugins/com.st.stm32cube.ide.mcu.externaltools.gnu-tools-for-stm32.11.3.rel1.win32_1.1.1.202309131626/tools/bin/../lib/gcc/arm-none-eabi/11.3.1/thumb/v7e-m+dp/hard\libgcc.a

.comment        0x0000000000000000       0x43
 .comment       0x0000000000000000       0x43 C:/Users/Lucas/STM32CubeIDE_1.13.2/STM32CubeIDE/plugins/com.st.stm32cube.ide.mcu.externaltools.gnu-tools-for-stm32.11.3.rel1.win32_1.1.1.202309131626/tools/bin/../lib/gcc/arm-none-eabi/11.3.1/thumb/v7e-m+dp/hard/crtbegin.o
                                         0x44 (size before relaxing)
 .comment       0x0000000000000043       0x44 ./Core/Src/crc.o
 .comment       0x0000000000000043       0x44 ./Core/Src/main.o
 .comment       0x0000000000000043       0x44 ./Core/Src/send_dynamixel.o
 .comment       0x0000000000000043       0x44 ./Core/Src/stm32h7xx_hal_msp.o
 .comment       0x0000000000000043       0x44 ./Core/Src/stm32h7xx_it.o
 .comment       0x0000000000000043       0x44 ./Core/Src/system_stm32h7xx.o
 .comment       0x0000000000000043       0x44 ./Drivers/STM32H7xx_HAL_Driver/Src/stm32h7xx_hal.o
 .comment       0x0000000000000043       0x44 ./Drivers/STM32H7xx_HAL_Driver/Src/stm32h7xx_hal_cortex.o
 .comment       0x0000000000000043       0x44 ./Drivers/STM32H7xx_HAL_Driver/Src/stm32h7xx_hal_dma.o
 .comment       0x0000000000000043       0x44 ./Drivers/STM32H7xx_HAL_Driver/Src/stm32h7xx_hal_gpio.o
 .comment       0x0000000000000043       0x44 ./Drivers/STM32H7xx_HAL_Driver/Src/stm32h7xx_hal_pwr_ex.o
 .comment       0x0000000000000043       0x44 ./Drivers/STM32H7xx_HAL_Driver/Src/stm32h7xx_hal_rcc.o
 .comment       0x0000000000000043       0x44 ./Drivers/STM32H7xx_HAL_Driver/Src/stm32h7xx_hal_rcc_ex.o
 .comment       0x0000000000000043       0x44 ./Drivers/STM32H7xx_HAL_Driver/Src/stm32h7xx_hal_uart.o
 .comment       0x0000000000000043       0x44 ./Drivers/STM32H7xx_HAL_Driver/Src/stm32h7xx_hal_uart_ex.o

.debug_info     0x0000000000000000    0x10b07
 .debug_info    0x0000000000000000       0xc1 ./Core/Src/crc.o
 .debug_info    0x00000000000000c1     0x1320 ./Core/Src/main.o
 .debug_info    0x00000000000013e1      0x851 ./Core/Src/send_dynamixel.o
 .debug_info    0x0000000000001c32     0x14ce ./Core/Src/stm32h7xx_hal_msp.o
 .debug_info    0x0000000000003100      0x830 ./Core/Src/stm32h7xx_it.o
 .debug_info    0x0000000000003930      0xc73 ./Core/Src/system_stm32h7xx.o
 .debug_info    0x00000000000045a3       0x23 ./Core/Startup/startup_stm32h7a3zitxq.o
 .debug_info    0x00000000000045c6     0x13f1 ./Drivers/STM32H7xx_HAL_Driver/Src/stm32h7xx_hal.o
 .debug_info    0x00000000000059b7     0x1042 ./Drivers/STM32H7xx_HAL_Driver/Src/stm32h7xx_hal_cortex.o
 .debug_info    0x00000000000069f9      0xb67 ./Drivers/STM32H7xx_HAL_Driver/Src/stm32h7xx_hal_dma.o
 .debug_info    0x0000000000007560      0xb2b ./Drivers/STM32H7xx_HAL_Driver/Src/stm32h7xx_hal_gpio.o
 .debug_info    0x000000000000808b      0xef7 ./Drivers/STM32H7xx_HAL_Driver/Src/stm32h7xx_hal_pwr_ex.o
 .debug_info    0x0000000000008f82      0xea1 ./Drivers/STM32H7xx_HAL_Driver/Src/stm32h7xx_hal_rcc.o
 .debug_info    0x0000000000009e23     0x11fd ./Drivers/STM32H7xx_HAL_Driver/Src/stm32h7xx_hal_rcc_ex.o
 .debug_info    0x000000000000b020     0x4b32 ./Drivers/STM32H7xx_HAL_Driver/Src/stm32h7xx_hal_uart.o
 .debug_info    0x000000000000fb52      0xfb5 ./Drivers/STM32H7xx_HAL_Driver/Src/stm32h7xx_hal_uart_ex.o

.debug_abbrev   0x0000000000000000     0x2201
 .debug_abbrev  0x0000000000000000       0x90 ./Core/Src/crc.o
 .debug_abbrev  0x0000000000000090      0x2f6 ./Core/Src/main.o
 .debug_abbrev  0x0000000000000386      0x190 ./Core/Src/send_dynamixel.o
 .debug_abbrev  0x0000000000000516      0x21d ./Core/Src/stm32h7xx_hal_msp.o
 .debug_abbrev  0x0000000000000733      0x170 ./Core/Src/stm32h7xx_it.o
 .debug_abbrev  0x00000000000008a3      0x14a ./Core/Src/system_stm32h7xx.o
 .debug_abbrev  0x00000000000009ed       0x12 ./Core/Startup/startup_stm32h7a3zitxq.o
 .debug_abbrev  0x00000000000009ff      0x291 ./Drivers/STM32H7xx_HAL_Driver/Src/stm32h7xx_hal.o
 .debug_abbrev  0x0000000000000c90      0x339 ./Drivers/STM32H7xx_HAL_Driver/Src/stm32h7xx_hal_cortex.o
 .debug_abbrev  0x0000000000000fc9      0x248 ./Drivers/STM32H7xx_HAL_Driver/Src/stm32h7xx_hal_dma.o
 .debug_abbrev  0x0000000000001211      0x1fa ./Drivers/STM32H7xx_HAL_Driver/Src/stm32h7xx_hal_gpio.o
 .debug_abbrev  0x000000000000140b      0x297 ./Drivers/STM32H7xx_HAL_Driver/Src/stm32h7xx_hal_pwr_ex.o
 .debug_abbrev  0x00000000000016a2      0x2c5 ./Drivers/STM32H7xx_HAL_Driver/Src/stm32h7xx_hal_rcc.o
 .debug_abbrev  0x0000000000001967      0x27a ./Drivers/STM32H7xx_HAL_Driver/Src/stm32h7xx_hal_rcc_ex.o
 .debug_abbrev  0x0000000000001be1      0x34e ./Drivers/STM32H7xx_HAL_Driver/Src/stm32h7xx_hal_uart.o
 .debug_abbrev  0x0000000000001f2f      0x2d2 ./Drivers/STM32H7xx_HAL_Driver/Src/stm32h7xx_hal_uart_ex.o

.debug_aranges  0x0000000000000000      0xb30
 .debug_aranges
                0x0000000000000000       0x20 ./Core/Src/crc.o
 .debug_aranges
                0x0000000000000020       0x60 ./Core/Src/main.o
 .debug_aranges
                0x0000000000000080       0x20 ./Core/Src/send_dynamixel.o
 .debug_aranges
                0x00000000000000a0       0x30 ./Core/Src/stm32h7xx_hal_msp.o
 .debug_aranges
                0x00000000000000d0       0x68 ./Core/Src/stm32h7xx_it.o
 .debug_aranges
                0x0000000000000138       0x28 ./Core/Src/system_stm32h7xx.o
 .debug_aranges
                0x0000000000000160       0x28 ./Core/Startup/startup_stm32h7a3zitxq.o
 .debug_aranges
                0x0000000000000188      0x1a0 ./Drivers/STM32H7xx_HAL_Driver/Src/stm32h7xx_hal.o
 .debug_aranges
                0x0000000000000328      0x120 ./Drivers/STM32H7xx_HAL_Driver/Src/stm32h7xx_hal_cortex.o
 .debug_aranges
                0x0000000000000448       0xa0 ./Drivers/STM32H7xx_HAL_Driver/Src/stm32h7xx_hal_dma.o
 .debug_aranges
                0x00000000000004e8       0x58 ./Drivers/STM32H7xx_HAL_Driver/Src/stm32h7xx_hal_gpio.o
 .debug_aranges
                0x0000000000000540      0x188 ./Drivers/STM32H7xx_HAL_Driver/Src/stm32h7xx_hal_pwr_ex.o
 .debug_aranges
                0x00000000000006c8       0x88 ./Drivers/STM32H7xx_HAL_Driver/Src/stm32h7xx_hal_rcc.o
 .debug_aranges
                0x0000000000000750       0xf0 ./Drivers/STM32H7xx_HAL_Driver/Src/stm32h7xx_hal_rcc_ex.o
 .debug_aranges
                0x0000000000000840      0x248 ./Drivers/STM32H7xx_HAL_Driver/Src/stm32h7xx_hal_uart.o
 .debug_aranges
                0x0000000000000a88       0xa8 ./Drivers/STM32H7xx_HAL_Driver/Src/stm32h7xx_hal_uart_ex.o

.debug_rnglists
                0x0000000000000000      0x89c
 .debug_rnglists
                0x0000000000000000       0x14 ./Core/Src/crc.o
 .debug_rnglists
                0x0000000000000014       0x4a ./Core/Src/main.o
 .debug_rnglists
                0x000000000000005e       0x13 ./Core/Src/send_dynamixel.o
 .debug_rnglists
                0x0000000000000071       0x21 ./Core/Src/stm32h7xx_hal_msp.o
 .debug_rnglists
                0x0000000000000092       0x49 ./Core/Src/stm32h7xx_it.o
 .debug_rnglists
                0x00000000000000db       0x1b ./Core/Src/system_stm32h7xx.o
 .debug_rnglists
                0x00000000000000f6       0x19 ./Core/Startup/startup_stm32h7a3zitxq.o
 .debug_rnglists
                0x000000000000010f      0x137 ./Drivers/STM32H7xx_HAL_Driver/Src/stm32h7xx_hal.o
 .debug_rnglists
                0x0000000000000246       0xd4 ./Drivers/STM32H7xx_HAL_Driver/Src/stm32h7xx_hal_cortex.o
 .debug_rnglists
                0x000000000000031a       0x82 ./Drivers/STM32H7xx_HAL_Driver/Src/stm32h7xx_hal_dma.o
 .debug_rnglists
                0x000000000000039c       0x3f ./Drivers/STM32H7xx_HAL_Driver/Src/stm32h7xx_hal_gpio.o
 .debug_rnglists
                0x00000000000003db      0x126 ./Drivers/STM32H7xx_HAL_Driver/Src/stm32h7xx_hal_pwr_ex.o
 .debug_rnglists
                0x0000000000000501       0x68 ./Drivers/STM32H7xx_HAL_Driver/Src/stm32h7xx_hal_rcc.o
 .debug_rnglists
                0x0000000000000569       0xba ./Drivers/STM32H7xx_HAL_Driver/Src/stm32h7xx_hal_rcc_ex.o
 .debug_rnglists
                0x0000000000000623      0x1fa ./Drivers/STM32H7xx_HAL_Driver/Src/stm32h7xx_hal_uart.o
 .debug_rnglists
                0x000000000000081d       0x7f ./Drivers/STM32H7xx_HAL_Driver/Src/stm32h7xx_hal_uart_ex.o

.debug_macro    0x0000000000000000    0x2f360
 .debug_macro   0x0000000000000000       0x11 ./Core/Src/crc.o
 .debug_macro   0x0000000000000011      0xac0 ./Core/Src/crc.o
 .debug_macro   0x0000000000000ad1      0x31b ./Core/Src/main.o
 .debug_macro   0x0000000000000dec      0x232 ./Core/Src/main.o
 .debug_macro   0x000000000000101e       0x2e ./Core/Src/main.o
 .debug_macro   0x000000000000104c       0x42 ./Core/Src/main.o
 .debug_macro   0x000000000000108e       0x22 ./Core/Src/main.o
 .debug_macro   0x00000000000010b0       0x8e ./Core/Src/main.o
 .debug_macro   0x000000000000113e       0x51 ./Core/Src/main.o
 .debug_macro   0x000000000000118f      0x103 ./Core/Src/main.o
 .debug_macro   0x0000000000001292       0x6a ./Core/Src/main.o
 .debug_macro   0x00000000000012fc      0x1df ./Core/Src/main.o
 .debug_macro   0x00000000000014db       0x1c ./Core/Src/main.o
 .debug_macro   0x00000000000014f7       0x22 ./Core/Src/main.o
 .debug_macro   0x0000000000001519       0xfb ./Core/Src/main.o
 .debug_macro   0x0000000000001614     0x1305 ./Core/Src/main.o
 .debug_macro   0x0000000000002919      0x11f ./Core/Src/main.o
 .debug_macro   0x0000000000002a38       0x27 ./Core/Src/main.o
 .debug_macro   0x0000000000002a5f    0x1e8d1 ./Core/Src/main.o
 .debug_macro   0x0000000000021330       0x6d ./Core/Src/main.o
 .debug_macro   0x000000000002139d     0x3d64 ./Core/Src/main.o
 .debug_macro   0x0000000000025101      0x174 ./Core/Src/main.o
 .debug_macro   0x0000000000025275       0x61 ./Core/Src/main.o
 .debug_macro   0x00000000000252d6       0x29 ./Core/Src/main.o
 .debug_macro   0x00000000000252ff       0x43 ./Core/Src/main.o
 .debug_macro   0x0000000000025342       0x34 ./Core/Src/main.o
 .debug_macro   0x0000000000025376       0x16 ./Core/Src/main.o
 .debug_macro   0x000000000002538c       0x43 ./Core/Src/main.o
 .debug_macro   0x00000000000253cf       0x34 ./Core/Src/main.o
 .debug_macro   0x0000000000025403       0x10 ./Core/Src/main.o
 .debug_macro   0x0000000000025413       0x58 ./Core/Src/main.o
 .debug_macro   0x000000000002546b       0x8e ./Core/Src/main.o
 .debug_macro   0x00000000000254f9       0x1c ./Core/Src/main.o
 .debug_macro   0x0000000000025515      0x177 ./Core/Src/main.o
 .debug_macro   0x000000000002568c      0x369 ./Core/Src/main.o
 .debug_macro   0x00000000000259f5      0x19b ./Core/Src/main.o
 .debug_macro   0x0000000000025b90       0x5d ./Core/Src/main.o
 .debug_macro   0x0000000000025bed     0x24ee ./Core/Src/main.o
 .debug_macro   0x00000000000280db     0x103a ./Core/Src/main.o
 .debug_macro   0x0000000000029115      0x154 ./Core/Src/main.o
 .debug_macro   0x0000000000029269      0x114 ./Core/Src/main.o
 .debug_macro   0x000000000002937d      0x3bf ./Core/Src/main.o
 .debug_macro   0x000000000002973c       0xac ./Core/Src/main.o
 .debug_macro   0x00000000000297e8      0x70a ./Core/Src/main.o
 .debug_macro   0x0000000000029ef2      0x20c ./Core/Src/main.o
 .debug_macro   0x000000000002a0fe       0x66 ./Core/Src/main.o
 .debug_macro   0x000000000002a164      0x3c9 ./Core/Src/main.o
 .debug_macro   0x000000000002a52d      0x3eb ./Core/Src/main.o
 .debug_macro   0x000000000002a918      0x275 ./Core/Src/main.o
 .debug_macro   0x000000000002ab8d      0x6c8 ./Core/Src/main.o
 .debug_macro   0x000000000002b255      0x520 ./Core/Src/main.o
 .debug_macro   0x000000000002b775       0x58 ./Core/Src/main.o
 .debug_macro   0x000000000002b7cd       0x4a ./Core/Src/main.o
 .debug_macro   0x000000000002b817      0x22c ./Core/Src/main.o
 .debug_macro   0x000000000002ba43       0x67 ./Core/Src/main.o
 .debug_macro   0x000000000002baaa       0xa5 ./Core/Src/main.o
 .debug_macro   0x000000000002bb4f      0x1bd ./Core/Src/main.o
 .debug_macro   0x000000000002bd0c      0x2dc ./Core/Src/main.o
 .debug_macro   0x000000000002bfe8       0x35 ./Core/Src/main.o
 .debug_macro   0x000000000002c01d      0x693 ./Core/Src/main.o
 .debug_macro   0x000000000002c6b0       0xa6 ./Core/Src/main.o
 .debug_macro   0x000000000002c756      0x5be ./Core/Src/main.o
 .debug_macro   0x000000000002cd14       0xc4 ./Core/Src/main.o
 .debug_macro   0x000000000002cdd8       0x1c ./Core/Src/main.o
 .debug_macro   0x000000000002cdf4       0x35 ./Core/Src/main.o
 .debug_macro   0x000000000002ce29       0x10 ./Core/Src/main.o
 .debug_macro   0x000000000002ce39       0x1c ./Core/Src/main.o
 .debug_macro   0x000000000002ce55       0x16 ./Core/Src/main.o
 .debug_macro   0x000000000002ce6b      0x147 ./Core/Src/main.o
 .debug_macro   0x000000000002cfb2       0x16 ./Core/Src/main.o
 .debug_macro   0x000000000002cfc8       0x20 ./Core/Src/main.o
 .debug_macro   0x000000000002cfe8      0x315 ./Core/Src/send_dynamixel.o
 .debug_macro   0x000000000002d2fd      0x2ad ./Core/Src/stm32h7xx_hal_msp.o
 .debug_macro   0x000000000002d5aa      0x2b7 ./Core/Src/stm32h7xx_it.o
 .debug_macro   0x000000000002d861      0x294 ./Core/Src/system_stm32h7xx.o
 .debug_macro   0x000000000002daf5      0x2be ./Drivers/STM32H7xx_HAL_Driver/Src/stm32h7xx_hal.o
 .debug_macro   0x000000000002ddb3      0x294 ./Drivers/STM32H7xx_HAL_Driver/Src/stm32h7xx_hal_cortex.o
 .debug_macro   0x000000000002e047      0x2e8 ./Drivers/STM32H7xx_HAL_Driver/Src/stm32h7xx_hal_dma.o
 .debug_macro   0x000000000002e32f      0x29b ./Drivers/STM32H7xx_HAL_Driver/Src/stm32h7xx_hal_gpio.o
 .debug_macro   0x000000000002e5ca      0x2cd ./Drivers/STM32H7xx_HAL_Driver/Src/stm32h7xx_hal_pwr_ex.o
 .debug_macro   0x000000000002e897      0x2b8 ./Drivers/STM32H7xx_HAL_Driver/Src/stm32h7xx_hal_rcc.o
 .debug_macro   0x000000000002eb4f      0x2b2 ./Drivers/STM32H7xx_HAL_Driver/Src/stm32h7xx_hal_rcc_ex.o
 .debug_macro   0x000000000002ee01      0x2bf ./Drivers/STM32H7xx_HAL_Driver/Src/stm32h7xx_hal_uart.o
 .debug_macro   0x000000000002f0c0      0x2a0 ./Drivers/STM32H7xx_HAL_Driver/Src/stm32h7xx_hal_uart_ex.o

.debug_line     0x0000000000000000    0x12144
 .debug_line    0x0000000000000000       0xa0 ./Core/Src/crc.o
 .debug_line    0x00000000000000a0      0xd1f ./Core/Src/main.o
 .debug_line    0x0000000000000dbf      0xa02 ./Core/Src/send_dynamixel.o
 .debug_line    0x00000000000017c1      0xac5 ./Core/Src/stm32h7xx_hal_msp.o
 .debug_line    0x0000000000002286      0xa75 ./Core/Src/stm32h7xx_it.o
 .debug_line    0x0000000000002cfb      0xb36 ./Core/Src/system_stm32h7xx.o
 .debug_line    0x0000000000003831       0x7a ./Core/Startup/startup_stm32h7a3zitxq.o
 .debug_line    0x00000000000038ab      0xf49 ./Drivers/STM32H7xx_HAL_Driver/Src/stm32h7xx_hal.o
 .debug_line    0x00000000000047f4      0xf45 ./Drivers/STM32H7xx_HAL_Driver/Src/stm32h7xx_hal_cortex.o
 .debug_line    0x0000000000005739     0x29ba ./Drivers/STM32H7xx_HAL_Driver/Src/stm32h7xx_hal_dma.o
 .debug_line    0x00000000000080f3      0xe02 ./Drivers/STM32H7xx_HAL_Driver/Src/stm32h7xx_hal_gpio.o
 .debug_line    0x0000000000008ef5     0x10cd ./Drivers/STM32H7xx_HAL_Driver/Src/stm32h7xx_hal_pwr_ex.o
 .debug_line    0x0000000000009fc2     0x149a ./Drivers/STM32H7xx_HAL_Driver/Src/stm32h7xx_hal_rcc.o
 .debug_line    0x000000000000b45c     0x1d18 ./Drivers/STM32H7xx_HAL_Driver/Src/stm32h7xx_hal_rcc_ex.o
 .debug_line    0x000000000000d174     0x3ff3 ./Drivers/STM32H7xx_HAL_Driver/Src/stm32h7xx_hal_uart.o
 .debug_line    0x0000000000011167      0xfdd ./Drivers/STM32H7xx_HAL_Driver/Src/stm32h7xx_hal_uart_ex.o

.debug_str      0x0000000000000000   0x13330b
 .debug_str     0x0000000000000000     0x2e59 ./Core/Src/crc.o
                                       0x2e87 (size before relaxing)
 .debug_str     0x0000000000002e59   0x12c4f0 ./Core/Src/main.o
                                     0x12f7fd (size before relaxing)
 .debug_str     0x000000000012f349       0x3b ./Core/Src/send_dynamixel.o
                                     0x12f185 (size before relaxing)
 .debug_str     0x000000000012f384      0xa7a ./Core/Src/stm32h7xx_hal_msp.o
                                     0x12f8e6 (size before relaxing)
 .debug_str     0x000000000012fdfe       0xee ./Core/Src/stm32h7xx_it.o
                                     0x12eaed (size before relaxing)
 .debug_str     0x000000000012feec      0x30e ./Core/Src/system_stm32h7xx.o
                                     0x12e6c1 (size before relaxing)
 .debug_str     0x00000000001301fa       0x35 ./Core/Startup/startup_stm32h7a3zitxq.o
                                         0x86 (size before relaxing)
 .debug_str     0x000000000013022f      0x7ed ./Drivers/STM32H7xx_HAL_Driver/Src/stm32h7xx_hal.o
                                     0x12f595 (size before relaxing)
 .debug_str     0x0000000000130a1c      0x333 ./Drivers/STM32H7xx_HAL_Driver/Src/stm32h7xx_hal_cortex.o
                                     0x12efa5 (size before relaxing)
 .debug_str     0x0000000000130d4f      0x8f6 ./Drivers/STM32H7xx_HAL_Driver/Src/stm32h7xx_hal_dma.o
                                     0x12edf0 (size before relaxing)
 .debug_str     0x0000000000131645       0xec ./Drivers/STM32H7xx_HAL_Driver/Src/stm32h7xx_hal_gpio.o
                                     0x12e672 (size before relaxing)
 .debug_str     0x0000000000131731      0x756 ./Drivers/STM32H7xx_HAL_Driver/Src/stm32h7xx_hal_pwr_ex.o
                                     0x12ebf7 (size before relaxing)
 .debug_str     0x0000000000131e87      0x22e ./Drivers/STM32H7xx_HAL_Driver/Src/stm32h7xx_hal_rcc.o
                                     0x12ea9a (size before relaxing)
 .debug_str     0x00000000001320b5      0x623 ./Drivers/STM32H7xx_HAL_Driver/Src/stm32h7xx_hal_rcc_ex.o
                                     0x12ef2f (size before relaxing)
 .debug_str     0x00000000001326d8      0x9c6 ./Drivers/STM32H7xx_HAL_Driver/Src/stm32h7xx_hal_uart.o
                                     0x12f5ca (size before relaxing)
 .debug_str     0x000000000013309e      0x26d ./Drivers/STM32H7xx_HAL_Driver/Src/stm32h7xx_hal_uart_ex.o
                                     0x12eb69 (size before relaxing)

.debug_frame    0x0000000000000000     0x2d5c
 .debug_frame   0x0000000000000000       0x38 ./Core/Src/crc.o
 .debug_frame   0x0000000000000038      0x124 ./Core/Src/main.o
 .debug_frame   0x000000000000015c       0x34 ./Core/Src/send_dynamixel.o
 .debug_frame   0x0000000000000190       0x84 ./Core/Src/stm32h7xx_hal_msp.o
 .debug_frame   0x0000000000000214      0x120 ./Core/Src/stm32h7xx_it.o
 .debug_frame   0x0000000000000334       0x58 ./Core/Src/system_stm32h7xx.o
 .debug_frame   0x000000000000038c      0x6a8 ./Drivers/STM32H7xx_HAL_Driver/Src/stm32h7xx_hal.o
 .debug_frame   0x0000000000000a34      0x4b8 ./Drivers/STM32H7xx_HAL_Driver/Src/stm32h7xx_hal_cortex.o
 .debug_frame   0x0000000000000eec      0x2b4 ./Drivers/STM32H7xx_HAL_Driver/Src/stm32h7xx_hal_dma.o
 .debug_frame   0x00000000000011a0      0x14c ./Drivers/STM32H7xx_HAL_Driver/Src/stm32h7xx_hal_gpio.o
 .debug_frame   0x00000000000012ec      0x660 ./Drivers/STM32H7xx_HAL_Driver/Src/stm32h7xx_hal_pwr_ex.o
 .debug_frame   0x000000000000194c      0x1fc ./Drivers/STM32H7xx_HAL_Driver/Src/stm32h7xx_hal_rcc.o
 .debug_frame   0x0000000000001b48      0x3ec ./Drivers/STM32H7xx_HAL_Driver/Src/stm32h7xx_hal_rcc_ex.o
 .debug_frame   0x0000000000001f34      0xa94 ./Drivers/STM32H7xx_HAL_Driver/Src/stm32h7xx_hal_uart.o
 .debug_frame   0x00000000000029c8      0x2c0 ./Drivers/STM32H7xx_HAL_Driver/Src/stm32h7xx_hal_uart_ex.o
 .debug_frame   0x0000000000002c88       0x20 C:/Users/Lucas/STM32CubeIDE_1.13.2/STM32CubeIDE/plugins/com.st.stm32cube.ide.mcu.externaltools.gnu-tools-for-stm32.11.3.rel1.win32_1.1.1.202309131626/tools/bin/../lib/gcc/arm-none-eabi/11.3.1/../../../../arm-none-eabi/lib/thumb/v7e-m+dp/hard\libc_nano.a(libc_a-memset.o)
 .debug_frame   0x0000000000002ca8       0x2c C:/Users/Lucas/STM32CubeIDE_1.13.2/STM32CubeIDE/plugins/com.st.stm32cube.ide.mcu.externaltools.gnu-tools-for-stm32.11.3.rel1.win32_1.1.1.202309131626/tools/bin/../lib/gcc/arm-none-eabi/11.3.1/../../../../arm-none-eabi/lib/thumb/v7e-m+dp/hard\libc_nano.a(libc_a-init.o)
 .debug_frame   0x0000000000002cd4       0x28 C:/Users/Lucas/STM32CubeIDE_1.13.2/STM32CubeIDE/plugins/com.st.stm32cube.ide.mcu.externaltools.gnu-tools-for-stm32.11.3.rel1.win32_1.1.1.202309131626/tools/bin/../lib/gcc/arm-none-eabi/11.3.1/../../../../arm-none-eabi/lib/thumb/v7e-m+dp/hard\libc_nano.a(libc_a-memcpy-stub.o)
 .debug_frame   0x0000000000002cfc       0x2c C:/Users/Lucas/STM32CubeIDE_1.13.2/STM32CubeIDE/plugins/com.st.stm32cube.ide.mcu.externaltools.gnu-tools-for-stm32.11.3.rel1.win32_1.1.1.202309131626/tools/bin/../lib/gcc/arm-none-eabi/11.3.1/thumb/v7e-m+dp/hard\libgcc.a(_aeabi_uldivmod.o)
 .debug_frame   0x0000000000002d28       0x34 C:/Users/Lucas/STM32CubeIDE_1.13.2/STM32CubeIDE/plugins/com.st.stm32cube.ide.mcu.externaltools.gnu-tools-for-stm32.11.3.rel1.win32_1.1.1.202309131626/tools/bin/../lib/gcc/arm-none-eabi/11.3.1/thumb/v7e-m+dp/hard\libgcc.a(_udivmoddi4.o)

.debug_line_str
                0x0000000000000000       0x7a
 .debug_line_str
                0x0000000000000000       0x7a ./Core/Startup/startup_stm32h7a3zitxq.o
                                         0x93 (size before relaxing)
